../Core/Src/st7796_lcd.c:13:13:ST7796_Cmd	16	static
../Core/Src/st7796_lcd.c:23:13:ST7796_Data	16	static
../Core/Src/st7796_lcd.c:33:6:ST7796_SetWindow	40	static
../Core/Src/st7796_lcd.c:53:6:ST7796_Init	8	static
../Core/Src/st7796_lcd.c:76:6:ST7796_Fill	24	static
../Core/Src/st7796_lcd.c:87:6:ST7796_DrawRect	32	static
../Core/Src/st7796_lcd.c:99:6:ST7796_DrawBitmap	32	static
../Core/Src/st7796_lcd.c:112:6:ST7796_DrawChar	64	static
../Core/Src/st7796_lcd.c:136:6:ST7796_WriteString	40	static
../Core/Src/st7796_lcd.c:144:6:ST7796_DrawBitmapZoom	64	static
