../Core/Src/stm32f4xx_hal_msp.c:66:6:HAL_MspInit	8	static
../Core/Src/stm32f4xx_hal_msp.c:91:6:HAL_ADC_MspInit	40	static
../Core/Src/stm32f4xx_hal_msp.c:125:6:HAL_ADC_MspDeInit	0	static
../Core/Src/stm32f4xx_hal_msp.c:153:6:HAL_SPI_MspInit	48	static
../Core/Src/stm32f4xx_hal_msp.c:210:6:HAL_SPI_MspDeInit	8	static
../Core/Src/stm32f4xx_hal_msp.c:242:6:HAL_TIM_PWM_MspInit	8	static
../Core/Src/stm32f4xx_hal_msp.c:259:6:HAL_TIM_MspPostInit	40	static
../Core/Src/stm32f4xx_hal_msp.c:291:6:HAL_TIM_PWM_MspDeInit	0	static
